good boy



RUGI KIRAN@LAPTOP-QUPBEK3D MINGW64 ~/Desktop/Myproject (master)
$ git status
On branch master
Your branch is up to date with 'origin/master'.

nothing to commit, working tree clean

RUGI KIRAN@LAPTOP-QUPBEK3D MINGW64 ~/Desktop/Myproject (master)
$ touch kk.txt

RUGI KIRAN@LAPTOP-QUPBEK3D MINGW64 ~/Desktop/Myproject (master)
$ git status
On branch master
Your branch is up to date with 'origin/master'.

Untracked files:
  (use "git add <file>..." to include in what will be committed)
        kk.txt

nothing added to commit but untracked files present (use "git add" to track)

RUGI KIRAN@LAPTOP-QUPBEK3D MINGW64 ~/Desktop/Myproject (master)
$ git add .

RUGI KIRAN@LAPTOP-QUPBEK3D MINGW64 ~/Desktop/Myproject (master)
$ git commit -m "adding kk.txt"
[master 50edef1] adding kk.txt
 1 file changed, 0 insertions(+), 0 deletions(-)
 create mode 100644 kk.txt

RUGI KIRAN@LAPTOP-QUPBEK3D MINGW64 ~/Desktop/Myproject (master)
$ git push -u origin master
Enumerating objects: 4, done.
Counting objects: 100% (4/4), done.
Delta compression using up to 4 threads
Compressing objects: 100% (2/2), done.
Writing objects: 100% (3/3), 263 bytes | 263.00 KiB/s, done.
Total 3 (delta 1), reused 0 (delta 0), pack-reused 0
remote: Resolving deltas: 100% (1/1), completed with 1 local object.
To https://github.com/rujith28/Repo2.git
   46e4cfe..50edef1  master -> master
Branch 'master' set up to track remote branch 'master' from 'origin'.

RUGI KIRAN@LAPTOP-QUPBEK3D MINGW64 ~/Desktop/Myproject (master)
$ git add .

RUGI KIRAN@LAPTOP-QUPBEK3D MINGW64 ~/Desktop/Myproject (master)
$ git status
On branch master
Your branch is up to date with 'origin/master'.

Changes to be committed:
  (use "git restore --staged <file>..." to unstage)
        modified:   kk.txt


RUGI KIRAN@LAPTOP-QUPBEK3D MINGW64 ~/Desktop/Myproject (master)
$ git commit -m "commit to add"
[master 97f6132] commit to add
 1 file changed, 1 insertion(+)

RUGI KIRAN@LAPTOP-QUPBEK3D MINGW64 ~/Desktop/Myproject (master)
$ git push -u origin master
Enumerating objects: 5, done.
Counting objects: 100% (5/5), done.
Delta compression using up to 4 threads
Compressing objects: 100% (2/2), done.
Writing objects: 100% (3/3), 258 bytes | 258.00 KiB/s, done.
Total 3 (delta 1), reused 0 (delta 0), pack-reused 0
remote: Resolving deltas: 100% (1/1), completed with 1 local object.
To https://github.com/rujith28/Repo2.git
   50edef1..97f6132  master -> master
Branch 'master' set up to track remote branch 'master' from 'origin'.

RUGI KIRAN@LAPTOP-QUPBEK3D MINGW64 ~/Desktop/Myproject (master)
